// Jest Snapshot v1, https://goo.gl/fbAQLP

exports[`Component: WeatherForecastItem renders the data 1`] = `
<DocumentFragment>
  <div
    class="col-lg col-md-4 col-sm-6 col-12"
  >
    <div
      class="card"
    >
      <div
        class="itemContent card-body"
      >
        <div
          class="card-title h5"
        >
          Fri
        </div>
        <img
          class="card-img icon"
          src="/weather/c.svg"
          width="50"
        />
        <div
          class="row"
        >
          <div
            class="temp tempHight col"
          >
            21°
          </div>
          <div
            class="temp col"
          >
            16°
          </div>
        </div>
      </div>
    </div>
  </div>
</DocumentFragment>
`;
